// Jest Snapshot v1, https://goo.gl/fbAQLP

exports[`Search renders 1`] = `
<div
  className="row"
>
  <div
    className="col-12 col-lg-8"
  >
    <div
      className="card"
    >
      <div
        className="card-header"
      >
        <div
          className="nav nav-tabs card-header-tabs"
          role="tablist"
        >
          <Connect(TabButton)
            id="stories"
            isActive={true}
            label="Posts"
            onClick={[Function]}
          />
          <Connect(TabButton)
            id="users"
            isActive={false}
            label="Usuarios"
            onClick={[Function]}
          />
          <Connect(TabButton)
            id="channels"
            isActive={false}
            label="Canales"
            onClick={[Function]}
          />
        </div>
      </div>
      <div
        className="card-body"
      />
    </div>
  </div>
  <div
    className="col-4 d-none d-lg-block"
  >
    <Ad />
  </div>
</div>
`;
