// Jest Snapshot v1, https://goo.gl/fbAQLP

exports[`Filterable renders null 1`] = `""`;
