// Jest Snapshot v1, https://goo.gl/fbAQLP

exports[`Nav renders default 1`] = `
<div
  className="navbar navbar-expand-lg navbar-dark Nav"
>
  <div
    className="container"
  >
    <Link
      className="navbar-brand font-weight-bold"
      replace={false}
      to="/"
    >
      TARINGA!
    </Link>
    <div
      className="collapse navbar-collapse"
    >
      <div
        className="form-inline"
      >
        <withRouter(Connect(SearchInput)) />
      </div>
      <div
        className="navbar-nav ml-5 mr-auto"
      >
        <NavLink
          activeClassName="active"
          ariaCurrent="true"
          className="nav-item nav-link font-weight-bold"
          isActive={[Function]}
          to="/"
        >
          MI T!
        </NavLink>
        <NavLink
          activeClassName="active"
          ariaCurrent="true"
          className="nav-item nav-link font-weight-bold"
          to="/global"
        >
          GLOBAL
        </NavLink>
        <NavLink
          activeClassName="active"
          ariaCurrent="true"
          className="nav-item nav-link font-weight-bold"
          to="/channels"
        >
          CANALES
        </NavLink>
      </div>
      <div
        className="navbar-nav"
      >
        <a
          className="nav-item nav-link"
          href="/"
        >
          Iniciar sesi√≥n
        </a>
        <a
          className="nav-item nav-link"
          href="/"
        >
          Crear cuenta
        </a>
      </div>
    </div>
  </div>
</div>
`;
