// Jest Snapshot v1, https://goo.gl/fbAQLP

exports[`Story renders 1`] = `
<div
  className="row"
>
  <div
    className="col-12 col-lg-8 mb-4 mb-lg-0 order-2 order-lg-1"
  >
    <Connect(lifecycle(Branch))
      storyId="id"
    />
    <div
      className="card my-4"
    >
      <div
        className="card-body"
      >
        <Connect(InfiniteScroll)
          storyId="id"
        />
      </div>
    </div>
  </div>
  <div
    className="col-12 col-lg-4 mb-4 mb-lg-0 order-1 order-lg-2"
  >
    <Connect(Connect(UserCardContainer))
      storyId="id"
    />
  </div>
</div>
`;
